22:45:34 **** Incremental Build of configuration Debug for project stm32f401re_uart_tx_it_dma ****
make -j20 all 
arm-none-eabi-gcc "../Core/Src/main.c" -mcpu=cortex-m4 -std=gnu11 -g3 -DDEBUG -DUSE_HAL_DRIVER -DSTM32F401xE -c -I../Core/Inc -I../Drivers/STM32F4xx_HAL_Driver/Inc -I../Drivers/STM32F4xx_HAL_Driver/Inc/Legacy -I../Drivers/CMSIS/Device/ST/STM32F4xx/Include -I../Drivers/CMSIS/Include -O0 -ffunction-sections -fdata-sections -Wall -fstack-usage -fcyclomatic-complexity -MMD -MP -MF"Core/Src/main.d" -MT"Core/Src/main.o" --specs=nano.specs -mfpu=fpv4-sp-d16 -mfloat-abi=hard -mthumb -o "Core/Src/main.o"
arm-none-eabi-gcc "../Core/Src/stm32f4xx_hal_msp.c" -mcpu=cortex-m4 -std=gnu11 -g3 -DDEBUG -DUSE_HAL_DRIVER -DSTM32F401xE -c -I../Core/Inc -I../Drivers/STM32F4xx_HAL_Driver/Inc -I../Drivers/STM32F4xx_HAL_Driver/Inc/Legacy -I../Drivers/CMSIS/Device/ST/STM32F4xx/Include -I../Drivers/CMSIS/Include -O0 -ffunction-sections -fdata-sections -Wall -fstack-usage -fcyclomatic-complexity -MMD -MP -MF"Core/Src/stm32f4xx_hal_msp.d" -MT"Core/Src/stm32f4xx_hal_msp.o" --specs=nano.specs -mfpu=fpv4-sp-d16 -mfloat-abi=hard -mthumb -o "Core/Src/stm32f4xx_hal_msp.o"
arm-none-eabi-gcc "../Core/Src/stm32f4xx_it.c" -mcpu=cortex-m4 -std=gnu11 -g3 -DDEBUG -DUSE_HAL_DRIVER -DSTM32F401xE -c -I../Core/Inc -I../Drivers/STM32F4xx_HAL_Driver/Inc -I../Drivers/STM32F4xx_HAL_Driver/Inc/Legacy -I../Drivers/CMSIS/Device/ST/STM32F4xx/Include -I../Drivers/CMSIS/Include -O0 -ffunction-sections -fdata-sections -Wall -fstack-usage -fcyclomatic-complexity -MMD -MP -MF"Core/Src/stm32f4xx_it.d" -MT"Core/Src/stm32f4xx_it.o" --specs=nano.specs -mfpu=fpv4-sp-d16 -mfloat-abi=hard -mthumb -o "Core/Src/stm32f4xx_it.o"
arm-none-eabi-gcc -o "stm32f401re_uart_tx_it_dma.elf" @"objects.list"   -mcpu=cortex-m4 -T"E:\Elconics\Youtube Video\stm32_scratch_2_advance\Stm32_scratch2_advance\stm32f401re_uart_tx_it_dma\STM32F401RETX_FLASH.ld" --specs=nosys.specs -Wl,-Map="stm32f401re_uart_tx_it_dma.map" -Wl,--gc-sections -static --specs=nano.specs -mfpu=fpv4-sp-d16 -mfloat-abi=hard -mthumb -Wl,--start-group -lc -lm -Wl,--end-group
Finished building target: stm32f401re_uart_tx_it_dma.elf
 
arm-none-eabi-size  stm32f401re_uart_tx_it_dma.elf 
arm-none-eabi-objdump -h -S stm32f401re_uart_tx_it_dma.elf  > "stm32f401re_uart_tx_it_dma.list"
   text	   data	    bss	    dec	    hex	filename
  12136	     16	   2760	  14912	   3a40	stm32f401re_uart_tx_it_dma.elf
Finished building: default.size.stdout
 
Finished building: stm32f401re_uart_tx_it_dma.list
 
22:47:44 **** Incremental Build of configuration Debug for project stm32f401re_uart_tx_it_dma ****
make -j20 all 
arm-none-eabi-gcc "../Core/Src/main.c" -mcpu=cortex-m4 -std=gnu11 -g3 -DDEBUG -DUSE_HAL_DRIVER -DSTM32F401xE -c -I../Core/Inc -I../Drivers/STM32F4xx_HAL_Driver/Inc -I../Drivers/STM32F4xx_HAL_Driver/Inc/Legacy -I../Drivers/CMSIS/Device/ST/STM32F4xx/Include -I../Drivers/CMSIS/Include -O0 -ffunction-sections -fdata-sections -Wall -fstack-usage -fcyclomatic-complexity -MMD -MP -MF"Core/Src/main.d" -MT"Core/Src/main.o" --specs=nano.specs -mfpu=fpv4-sp-d16 -mfloat-abi=hard -mthumb -o "Core/Src/main.o"
../Core/Src/main.c:72:6: error: redefinition of 'HAL_UART_TxCpltCallback'
   72 | void HAL_UART_TxCpltCallback(UART_HandleTypeDef *huart)
      |      ^~~~~~~~~~~~~~~~~~~~~~~
../Core/Src/main.c:64:6: note: previous definition of 'HAL_UART_TxCpltCallback' with type 'void(UART_HandleTypeDef *)' {aka 'void(struct __UART_HandleTypeDef *)'}
   64 | void HAL_UART_TxCpltCallback(UART_HandleTypeDef *huart)
      |      ^~~~~~~~~~~~~~~~~~~~~~~
../Core/Src/main.c: In function 'main':
../Core/Src/main.c:161:55: error: 'size' undeclared (first use in this function); did you mean 'size_t'?
  161 |                  HAL_UART_Transmit_DMA(&huart2, data, size);
      |                                                       ^~~~
      |                                                       size_t
../Core/Src/main.c:161:55: note: each undeclared identifier is reported only once for each function it appears in
../Core/Src/main.c:161:49: warning: pointer targets in passing argument 2 of 'HAL_UART_Transmit_DMA' differ in signedness [-Wpointer-sign]
  161 |                  HAL_UART_Transmit_DMA(&huart2, data, size);
      |                                                 ^~~~
      |                                                 |
      |                                                 char *
In file included from ../Core/Inc/stm32f4xx_hal_conf.h:411,
                 from ../Drivers/STM32F4xx_HAL_Driver/Inc/stm32f4xx_hal.h:29,
                 from ../Core/Inc/main.h:30,
                 from ../Core/Src/main.c:20:
../Drivers/STM32F4xx_HAL_Driver/Inc/stm32f4xx_hal_uart.h:749:83: note: expected 'const uint8_t *' {aka 'const unsigned char *'} but argument is of type 'char *'
  749 | HAL_StatusTypeDef HAL_UART_Transmit_DMA(UART_HandleTypeDef *huart, const uint8_t *pData, uint16_t Size);
      |                                                                    ~~~~~~~~~~~~~~~^~~~~
make: *** [Core/Src/subdir.mk:34: Core/Src/main.o] Error 1
"make -j20 all" terminated with exit code 2. Build might be incomplete.
22:48:01 **** Incremental Build of configuration Debug for project stm32f401re_uart_tx_it_dma ****
make -j20 all 
arm-none-eabi-gcc "../Core/Src/main.c" -mcpu=cortex-m4 -std=gnu11 -g3 -DDEBUG -DUSE_HAL_DRIVER -DSTM32F401xE -c -I../Core/Inc -I../Drivers/STM32F4xx_HAL_Driver/Inc -I../Drivers/STM32F4xx_HAL_Driver/Inc/Legacy -I../Drivers/CMSIS/Device/ST/STM32F4xx/Include -I../Drivers/CMSIS/Include -O0 -ffunction-sections -fdata-sections -Wall -fstack-usage -fcyclomatic-complexity -MMD -MP -MF"Core/Src/main.d" -MT"Core/Src/main.o" --specs=nano.specs -mfpu=fpv4-sp-d16 -mfloat-abi=hard -mthumb -o "Core/Src/main.o"
../Core/Src/main.c:72:6: error: redefinition of 'HAL_UART_TxCpltCallback'
   72 | void HAL_UART_TxCpltCallback(UART_HandleTypeDef *huart)
      |      ^~~~~~~~~~~~~~~~~~~~~~~
../Core/Src/main.c:64:6: note: previous definition of 'HAL_UART_TxCpltCallback' with type 'void(UART_HandleTypeDef *)' {aka 'void(struct __UART_HandleTypeDef *)'}
   64 | void HAL_UART_TxCpltCallback(UART_HandleTypeDef *huart)
      |      ^~~~~~~~~~~~~~~~~~~~~~~
../Core/Src/main.c: In function 'main':
../Core/Src/main.c:161:49: warning: pointer targets in passing argument 2 of 'HAL_UART_Transmit_DMA' differ in signedness [-Wpointer-sign]
  161 |                  HAL_UART_Transmit_DMA(&huart2, data, buffer);
      |                                                 ^~~~
      |                                                 |
      |                                                 char *
In file included from ../Core/Inc/stm32f4xx_hal_conf.h:411,
                 from ../Drivers/STM32F4xx_HAL_Driver/Inc/stm32f4xx_hal.h:29,
                 from ../Core/Inc/main.h:30,
                 from ../Core/Src/main.c:20:
../Drivers/STM32F4xx_HAL_Driver/Inc/stm32f4xx_hal_uart.h:749:83: note: expected 'const uint8_t *' {aka 'const unsigned char *'} but argument is of type 'char *'
  749 | HAL_StatusTypeDef HAL_UART_Transmit_DMA(UART_HandleTypeDef *huart, const uint8_t *pData, uint16_t Size);
      |                                                                    ~~~~~~~~~~~~~~~^~~~~
make: *** [Core/Src/subdir.mk:34: Core/Src/main.o] Error 1
"make -j20 all" terminated with exit code 2. Build might be incomplete.
22:49:30 **** Incremental Build of configuration Debug for project stm32f401re_uart_tx_it_dma ****
make -j20 all 
arm-none-eabi-gcc "../Core/Src/main.c" -mcpu=cortex-m4 -std=gnu11 -g3 -DDEBUG -DUSE_HAL_DRIVER -DSTM32F401xE -c -I../Core/Inc -I../Drivers/STM32F4xx_HAL_Driver/Inc -I../Drivers/STM32F4xx_HAL_Driver/Inc/Legacy -I../Drivers/CMSIS/Device/ST/STM32F4xx/Include -I../Drivers/CMSIS/Include -O0 -ffunction-sections -fdata-sections -Wall -fstack-usage -fcyclomatic-complexity -MMD -MP -MF"Core/Src/main.d" -MT"Core/Src/main.o" --specs=nano.specs -mfpu=fpv4-sp-d16 -mfloat-abi=hard -mthumb -o "Core/Src/main.o"
../Core/Src/main.c:72:6: error: redefinition of 'HAL_UART_TxCpltCallback'
   72 | void HAL_UART_TxCpltCallback(UART_HandleTypeDef *huart)
      |      ^~~~~~~~~~~~~~~~~~~~~~~
../Core/Src/main.c:64:6: note: previous definition of 'HAL_UART_TxCpltCallback' with type 'void(UART_HandleTypeDef *)' {aka 'void(struct __UART_HandleTypeDef *)'}
   64 | void HAL_UART_TxCpltCallback(UART_HandleTypeDef *huart)
      |      ^~~~~~~~~~~~~~~~~~~~~~~
make: *** [Core/Src/subdir.mk:34: Core/Src/main.o] Error 1
"make -j20 all" terminated with exit code 2. Build might be incomplete.
22:49:48 **** Incremental Build of configuration Debug for project stm32f401re_uart_tx_it_dma ****
make -j20 all 
arm-none-eabi-gcc "../Core/Src/main.c" -mcpu=cortex-m4 -std=gnu11 -g3 -DDEBUG -DUSE_HAL_DRIVER -DSTM32F401xE -c -I../Core/Inc -I../Drivers/STM32F4xx_HAL_Driver/Inc -I../Drivers/STM32F4xx_HAL_Driver/Inc/Legacy -I../Drivers/CMSIS/Device/ST/STM32F4xx/Include -I../Drivers/CMSIS/Include -O0 -ffunction-sections -fdata-sections -Wall -fstack-usage -fcyclomatic-complexity -MMD -MP -MF"Core/Src/main.d" -MT"Core/Src/main.o" --specs=nano.specs -mfpu=fpv4-sp-d16 -mfloat-abi=hard -mthumb -o "Core/Src/main.o"
arm-none-eabi-gcc -o "stm32f401re_uart_tx_it_dma.elf" @"objects.list"   -mcpu=cortex-m4 -T"E:\Elconics\Youtube Video\stm32_scratch_2_advance\Stm32_scratch2_advance\stm32f401re_uart_tx_it_dma\STM32F401RETX_FLASH.ld" --specs=nosys.specs -Wl,-Map="stm32f401re_uart_tx_it_dma.map" -Wl,--gc-sections -static --specs=nano.specs -mfpu=fpv4-sp-d16 -mfloat-abi=hard -mthumb -Wl,--start-group -lc -lm -Wl,--end-group
Finished building target: stm32f401re_uart_tx_it_dma.elf
 
arm-none-eabi-size  stm32f401re_uart_tx_it_dma.elf 
arm-none-eabi-objdump -h -S stm32f401re_uart_tx_it_dma.elf  > "stm32f401re_uart_tx_it_dma.list"
   text	   data	    bss	    dec	    hex	filename
  13260	     16	   2760	  16036	   3ea4	stm32f401re_uart_tx_it_dma.elf
Finished building: default.size.stdout
 
Finished building: stm32f401re_uart_tx_it_dma.list
 
22:49:56 **** Incremental Build of configuration Debug for project stm32f401re_uart_tx_it_dma ****
make -j20 all 
arm-none-eabi-size  stm32f401re_uart_tx_it_dma.elf 
   text	   data	    bss	    dec	    hex	filename
  13260	     16	   2760	  16036	   3ea4	stm32f401re_uart_tx_it_dma.elf
Finished building: default.size.stdout
 
22:50:54 **** Incremental Build of configuration Debug for project stm32f401re_uart_tx_it_dma ****
make -j20 all 
arm-none-eabi-gcc "../Core/Src/main.c" -mcpu=cortex-m4 -std=gnu11 -g3 -DDEBUG -DUSE_HAL_DRIVER -DSTM32F401xE -c -I../Core/Inc -I../Drivers/STM32F4xx_HAL_Driver/Inc -I../Drivers/STM32F4xx_HAL_Driver/Inc/Legacy -I../Drivers/CMSIS/Device/ST/STM32F4xx/Include -I../Drivers/CMSIS/Include -O0 -ffunction-sections -fdata-sections -Wall -fstack-usage -fcyclomatic-complexity -MMD -MP -MF"Core/Src/main.d" -MT"Core/Src/main.o" --specs=nano.specs -mfpu=fpv4-sp-d16 -mfloat-abi=hard -mthumb -o "Core/Src/main.o"
arm-none-eabi-gcc -o "stm32f401re_uart_tx_it_dma.elf" @"objects.list"   -mcpu=cortex-m4 -T"E:\Elconics\Youtube Video\stm32_scratch_2_advance\Stm32_scratch2_advance\stm32f401re_uart_tx_it_dma\STM32F401RETX_FLASH.ld" --specs=nosys.specs -Wl,-Map="stm32f401re_uart_tx_it_dma.map" -Wl,--gc-sections -static --specs=nano.specs -mfpu=fpv4-sp-d16 -mfloat-abi=hard -mthumb -Wl,--start-group -lc -lm -Wl,--end-group
Finished building target: stm32f401re_uart_tx_it_dma.elf
 
arm-none-eabi-size  stm32f401re_uart_tx_it_dma.elf 
arm-none-eabi-objdump -h -S stm32f401re_uart_tx_it_dma.elf  > "stm32f401re_uart_tx_it_dma.list"
   text	   data	    bss	    dec	    hex	filename
  13244	     16	   2760	  16020	   3e94	stm32f401re_uart_tx_it_dma.elf
Finished building: default.size.stdout
 
Finished building: stm32f401re_uart_tx_it_dma.list
 
22:50:58 **** Incremental Build of configuration Debug for project stm32f401re_uart_tx_it_dma ****
make -j20 all 
arm-none-eabi-size  stm32f401re_uart_tx_it_dma.elf 
   text	   data	    bss	    dec	    hex	filename
  13244	     16	   2760	  16020	   3e94	stm32f401re_uart_tx_it_dma.elf
Finished building: default.size.stdout
 
22:51:27 **** Incremental Build of configuration Debug for project stm32f401re_uart_tx_it_dma ****
make -j20 all 
arm-none-eabi-gcc "../Core/Src/main.c" -mcpu=cortex-m4 -std=gnu11 -g3 -DDEBUG -DUSE_HAL_DRIVER -DSTM32F401xE -c -I../Core/Inc -I../Drivers/STM32F4xx_HAL_Driver/Inc -I../Drivers/STM32F4xx_HAL_Driver/Inc/Legacy -I../Drivers/CMSIS/Device/ST/STM32F4xx/Include -I../Drivers/CMSIS/Include -O0 -ffunction-sections -fdata-sections -Wall -fstack-usage -fcyclomatic-complexity -MMD -MP -MF"Core/Src/main.d" -MT"Core/Src/main.o" --specs=nano.specs -mfpu=fpv4-sp-d16 -mfloat-abi=hard -mthumb -o "Core/Src/main.o"
arm-none-eabi-gcc -o "stm32f401re_uart_tx_it_dma.elf" @"objects.list"   -mcpu=cortex-m4 -T"E:\Elconics\Youtube Video\stm32_scratch_2_advance\Stm32_scratch2_advance\stm32f401re_uart_tx_it_dma\STM32F401RETX_FLASH.ld" --specs=nosys.specs -Wl,-Map="stm32f401re_uart_tx_it_dma.map" -Wl,--gc-sections -static --specs=nano.specs -mfpu=fpv4-sp-d16 -mfloat-abi=hard -mthumb -Wl,--start-group -lc -lm -Wl,--end-group
Finished building target: stm32f401re_uart_tx_it_dma.elf
 
arm-none-eabi-size  stm32f401re_uart_tx_it_dma.elf 
arm-none-eabi-objdump -h -S stm32f401re_uart_tx_it_dma.elf  > "stm32f401re_uart_tx_it_dma.list"
   text	   data	    bss	    dec	    hex	filename
  13244	     16	   2760	  16020	   3e94	stm32f401re_uart_tx_it_dma.elf
Finished building: default.size.stdout
 
Finished building: stm32f401re_uart_tx_it_dma.list
 
22:51:31 **** Incremental Build of configuration Debug for project stm32f401re_uart_tx_it_dma ****
make -j20 all 
arm-none-eabi-size  stm32f401re_uart_tx_it_dma.elf 
   text	   data	    bss	    dec	    hex	filename
  13244	     16	   2760	  16020	   3e94	stm32f401re_uart_tx_it_dma.elf
Finished building: default.size.stdout
 
23:02:47 **** Incremental Build of configuration Debug for project stm32f401re_uart_tx_it_dma ****
make -j20 all 
arm-none-eabi-gcc "../Core/Src/main.c" -mcpu=cortex-m4 -std=gnu11 -g3 -DDEBUG -DUSE_HAL_DRIVER -DSTM32F401xE -c -I../Core/Inc -I../Drivers/STM32F4xx_HAL_Driver/Inc -I../Drivers/STM32F4xx_HAL_Driver/Inc/Legacy -I../Drivers/CMSIS/Device/ST/STM32F4xx/Include -I../Drivers/CMSIS/Include -O0 -ffunction-sections -fdata-sections -Wall -fstack-usage -fcyclomatic-complexity -MMD -MP -MF"Core/Src/main.d" -MT"Core/Src/main.o" --specs=nano.specs -mfpu=fpv4-sp-d16 -mfloat-abi=hard -mthumb -o "Core/Src/main.o"
arm-none-eabi-gcc -o "stm32f401re_uart_tx_it_dma.elf" @"objects.list"   -mcpu=cortex-m4 -T"E:\Elconics\Youtube Video\stm32_scratch_2_advance\Stm32_scratch2_advance\stm32f401re_uart_tx_it_dma\STM32F401RETX_FLASH.ld" --specs=nosys.specs -Wl,-Map="stm32f401re_uart_tx_it_dma.map" -Wl,--gc-sections -static --specs=nano.specs -mfpu=fpv4-sp-d16 -mfloat-abi=hard -mthumb -Wl,--start-group -lc -lm -Wl,--end-group
Finished building target: stm32f401re_uart_tx_it_dma.elf
 
arm-none-eabi-size  stm32f401re_uart_tx_it_dma.elf 
arm-none-eabi-objdump -h -S stm32f401re_uart_tx_it_dma.elf  > "stm32f401re_uart_tx_it_dma.list"
   text	   data	    bss	    dec	    hex	filename
  13260	     16	   2760	  16036	   3ea4	stm32f401re_uart_tx_it_dma.elf
Finished building: default.size.stdout
 
Finished building: stm32f401re_uart_tx_it_dma.list
 
23:02:54 **** Incremental Build of configuration Debug for project stm32f401re_uart_tx_it_dma ****
make -j20 all 
arm-none-eabi-size  stm32f401re_uart_tx_it_dma.elf 
   text	   data	    bss	    dec	    hex	filename
  13260	     16	   2760	  16036	   3ea4	stm32f401re_uart_tx_it_dma.elf
Finished building: default.size.stdout
 
23:03:22 **** Incremental Build of configuration Debug for project stm32f401re_uart_tx_it_dma ****
make -j20 all 
arm-none-eabi-gcc "../Core/Src/main.c" -mcpu=cortex-m4 -std=gnu11 -g3 -DDEBUG -DUSE_HAL_DRIVER -DSTM32F401xE -c -I../Core/Inc -I../Drivers/STM32F4xx_HAL_Driver/Inc -I../Drivers/STM32F4xx_HAL_Driver/Inc/Legacy -I../Drivers/CMSIS/Device/ST/STM32F4xx/Include -I../Drivers/CMSIS/Include -O0 -ffunction-sections -fdata-sections -Wall -fstack-usage -fcyclomatic-complexity -MMD -MP -MF"Core/Src/main.d" -MT"Core/Src/main.o" --specs=nano.specs -mfpu=fpv4-sp-d16 -mfloat-abi=hard -mthumb -o "Core/Src/main.o"
arm-none-eabi-gcc -o "stm32f401re_uart_tx_it_dma.elf" @"objects.list"   -mcpu=cortex-m4 -T"E:\Elconics\Youtube Video\stm32_scratch_2_advance\Stm32_scratch2_advance\stm32f401re_uart_tx_it_dma\STM32F401RETX_FLASH.ld" --specs=nosys.specs -Wl,-Map="stm32f401re_uart_tx_it_dma.map" -Wl,--gc-sections -static --specs=nano.specs -mfpu=fpv4-sp-d16 -mfloat-abi=hard -mthumb -Wl,--start-group -lc -lm -Wl,--end-group
Finished building target: stm32f401re_uart_tx_it_dma.elf
 
arm-none-eabi-size  stm32f401re_uart_tx_it_dma.elf 
arm-none-eabi-objdump -h -S stm32f401re_uart_tx_it_dma.elf  > "stm32f401re_uart_tx_it_dma.list"
   text	   data	    bss	    dec	    hex	filename
  13260	     16	   2760	  16036	   3ea4	stm32f401re_uart_tx_it_dma.elf
Finished building: default.size.stdout
 
Finished building: stm32f401re_uart_tx_it_dma.list
 
23:03:26 **** Incremental Build of configuration Debug for project stm32f401re_uart_tx_it_dma ****
make -j20 all 
arm-none-eabi-size  stm32f401re_uart_tx_it_dma.elf 
   text	   data	    bss	    dec	    hex	filename
  13260	     16	   2760	  16036	   3ea4	stm32f401re_uart_tx_it_dma.elf
Finished building: default.size.stdout
 
23:04:19 **** Incremental Build of configuration Debug for project stm32f401re_uart_tx_it_dma ****
make -j20 all 
arm-none-eabi-gcc "../Core/Src/main.c" -mcpu=cortex-m4 -std=gnu11 -g3 -DDEBUG -DUSE_HAL_DRIVER -DSTM32F401xE -c -I../Core/Inc -I../Drivers/STM32F4xx_HAL_Driver/Inc -I../Drivers/STM32F4xx_HAL_Driver/Inc/Legacy -I../Drivers/CMSIS/Device/ST/STM32F4xx/Include -I../Drivers/CMSIS/Include -O0 -ffunction-sections -fdata-sections -Wall -fstack-usage -fcyclomatic-complexity -MMD -MP -MF"Core/Src/main.d" -MT"Core/Src/main.o" --specs=nano.specs -mfpu=fpv4-sp-d16 -mfloat-abi=hard -mthumb -o "Core/Src/main.o"
arm-none-eabi-gcc -o "stm32f401re_uart_tx_it_dma.elf" @"objects.list"   -mcpu=cortex-m4 -T"E:\Elconics\Youtube Video\stm32_scratch_2_advance\Stm32_scratch2_advance\stm32f401re_uart_tx_it_dma\STM32F401RETX_FLASH.ld" --specs=nosys.specs -Wl,-Map="stm32f401re_uart_tx_it_dma.map" -Wl,--gc-sections -static --specs=nano.specs -mfpu=fpv4-sp-d16 -mfloat-abi=hard -mthumb -Wl,--start-group -lc -lm -Wl,--end-group
Finished building target: stm32f401re_uart_tx_it_dma.elf
 
arm-none-eabi-size  stm32f401re_uart_tx_it_dma.elf 
arm-none-eabi-objdump -h -S stm32f401re_uart_tx_it_dma.elf  > "stm32f401re_uart_tx_it_dma.list"
   text	   data	    bss	    dec	    hex	filename
  13260	     16	   2760	  16036	   3ea4	stm32f401re_uart_tx_it_dma.elf
Finished building: default.size.stdout
 
Finished building: stm32f401re_uart_tx_it_dma.list
 
23:04:22 **** Incremental Build of configuration Debug for project stm32f401re_uart_tx_it_dma ****
make -j20 all 
arm-none-eabi-size  stm32f401re_uart_tx_it_dma.elf 
   text	   data	    bss	    dec	    hex	filename
  13260	     16	   2760	  16036	   3ea4	stm32f401re_uart_tx_it_dma.elf
Finished building: default.size.stdout
 
23:04:55 **** Incremental Build of configuration Debug for project stm32f401re_uart_tx_it_dma ****
make -j20 all 
arm-none-eabi-gcc "../Core/Src/main.c" -mcpu=cortex-m4 -std=gnu11 -g3 -DDEBUG -DUSE_HAL_DRIVER -DSTM32F401xE -c -I../Core/Inc -I../Drivers/STM32F4xx_HAL_Driver/Inc -I../Drivers/STM32F4xx_HAL_Driver/Inc/Legacy -I../Drivers/CMSIS/Device/ST/STM32F4xx/Include -I../Drivers/CMSIS/Include -O0 -ffunction-sections -fdata-sections -Wall -fstack-usage -fcyclomatic-complexity -MMD -MP -MF"Core/Src/main.d" -MT"Core/Src/main.o" --specs=nano.specs -mfpu=fpv4-sp-d16 -mfloat-abi=hard -mthumb -o "Core/Src/main.o"
arm-none-eabi-gcc -o "stm32f401re_uart_tx_it_dma.elf" @"objects.list"   -mcpu=cortex-m4 -T"E:\Elconics\Youtube Video\stm32_scratch_2_advance\Stm32_scratch2_advance\stm32f401re_uart_tx_it_dma\STM32F401RETX_FLASH.ld" --specs=nosys.specs -Wl,-Map="stm32f401re_uart_tx_it_dma.map" -Wl,--gc-sections -static --specs=nano.specs -mfpu=fpv4-sp-d16 -mfloat-abi=hard -mthumb -Wl,--start-group -lc -lm -Wl,--end-group
Finished building target: stm32f401re_uart_tx_it_dma.elf
 
arm-none-eabi-size  stm32f401re_uart_tx_it_dma.elf 
arm-none-eabi-objdump -h -S stm32f401re_uart_tx_it_dma.elf  > "stm32f401re_uart_tx_it_dma.list"
   text	   data	    bss	    dec	    hex	filename
  13260	     16	   2760	  16036	   3ea4	stm32f401re_uart_tx_it_dma.elf
Finished building: default.size.stdout
 
Finished building: stm32f401re_uart_tx_it_dma.list
 
23:04:59 **** Incremental Build of configuration Debug for project stm32f401re_uart_tx_it_dma ****
make -j20 all 
arm-none-eabi-size  stm32f401re_uart_tx_it_dma.elf 
   text	   data	    bss	    dec	    hex	filename
  13260	     16	   2760	  16036	   3ea4	stm32f401re_uart_tx_it_dma.elf
Finished building: default.size.stdout
 
23:05:49 **** Incremental Build of configuration Debug for project stm32f401re_uart_tx_it_dma ****
make -j20 all 
arm-none-eabi-gcc "../Core/Src/main.c" -mcpu=cortex-m4 -std=gnu11 -g3 -DDEBUG -DUSE_HAL_DRIVER -DSTM32F401xE -c -I../Core/Inc -I../Drivers/STM32F4xx_HAL_Driver/Inc -I../Drivers/STM32F4xx_HAL_Driver/Inc/Legacy -I../Drivers/CMSIS/Device/ST/STM32F4xx/Include -I../Drivers/CMSIS/Include -O0 -ffunction-sections -fdata-sections -Wall -fstack-usage -fcyclomatic-complexity -MMD -MP -MF"Core/Src/main.d" -MT"Core/Src/main.o" --specs=nano.specs -mfpu=fpv4-sp-d16 -mfloat-abi=hard -mthumb -o "Core/Src/main.o"
arm-none-eabi-gcc -o "stm32f401re_uart_tx_it_dma.elf" @"objects.list"   -mcpu=cortex-m4 -T"E:\Elconics\Youtube Video\stm32_scratch_2_advance\Stm32_scratch2_advance\stm32f401re_uart_tx_it_dma\STM32F401RETX_FLASH.ld" --specs=nosys.specs -Wl,-Map="stm32f401re_uart_tx_it_dma.map" -Wl,--gc-sections -static --specs=nano.specs -mfpu=fpv4-sp-d16 -mfloat-abi=hard -mthumb -Wl,--start-group -lc -lm -Wl,--end-group
Finished building target: stm32f401re_uart_tx_it_dma.elf
 
arm-none-eabi-size  stm32f401re_uart_tx_it_dma.elf 
arm-none-eabi-objdump -h -S stm32f401re_uart_tx_it_dma.elf  > "stm32f401re_uart_tx_it_dma.list"
   text	   data	    bss	    dec	    hex	filename
  13260	     16	   2760	  16036	   3ea4	stm32f401re_uart_tx_it_dma.elf
Finished building: default.size.stdout
 
Finished building: stm32f401re_uart_tx_it_dma.list
 
23:05:53 **** Incremental Build of configuration Debug for project stm32f401re_uart_tx_it_dma ****
make -j20 all 
arm-none-eabi-size  stm32f401re_uart_tx_it_dma.elf 
   text	   data	    bss	    dec	    hex	filename
  13260	     16	   2760	  16036	   3ea4	stm32f401re_uart_tx_it_dma.elf
Finished building: default.size.stdout
 
23:07:56 **** Incremental Build of configuration Debug for project stm32f401re_uart_tx_it_dma ****
make -j20 all 
arm-none-eabi-gcc "../Core/Src/main.c" -mcpu=cortex-m4 -std=gnu11 -g3 -DDEBUG -DUSE_HAL_DRIVER -DSTM32F401xE -c -I../Core/Inc -I../Drivers/STM32F4xx_HAL_Driver/Inc -I../Drivers/STM32F4xx_HAL_Driver/Inc/Legacy -I../Drivers/CMSIS/Device/ST/STM32F4xx/Include -I../Drivers/CMSIS/Include -O0 -ffunction-sections -fdata-sections -Wall -fstack-usage -fcyclomatic-complexity -MMD -MP -MF"Core/Src/main.d" -MT"Core/Src/main.o" --specs=nano.specs -mfpu=fpv4-sp-d16 -mfloat-abi=hard -mthumb -o "Core/Src/main.o"
arm-none-eabi-gcc -o "stm32f401re_uart_tx_it_dma.elf" @"objects.list"   -mcpu=cortex-m4 -T"E:\Elconics\Youtube Video\stm32_scratch_2_advance\Stm32_scratch2_advance\stm32f401re_uart_tx_it_dma\STM32F401RETX_FLASH.ld" --specs=nosys.specs -Wl,-Map="stm32f401re_uart_tx_it_dma.map" -Wl,--gc-sections -static --specs=nano.specs -mfpu=fpv4-sp-d16 -mfloat-abi=hard -mthumb -Wl,--start-group -lc -lm -Wl,--end-group
Finished building target: stm32f401re_uart_tx_it_dma.elf
 
arm-none-eabi-size  stm32f401re_uart_tx_it_dma.elf 
arm-none-eabi-objdump -h -S stm32f401re_uart_tx_it_dma.elf  > "stm32f401re_uart_tx_it_dma.list"
   text	   data	    bss	    dec	    hex	filename
  13260	     16	   2760	  16036	   3ea4	stm32f401re_uart_tx_it_dma.elf
Finished building: default.size.stdout
 
Finished building: stm32f401re_uart_tx_it_dma.list
 
23:07:59 **** Incremental Build of configuration Debug for project stm32f401re_uart_tx_it_dma ****
make -j20 all 
arm-none-eabi-size  stm32f401re_uart_tx_it_dma.elf 
   text	   data	    bss	    dec	    hex	filename
  13260	     16	   2760	  16036	   3ea4	stm32f401re_uart_tx_it_dma.elf
Finished building: default.size.stdout
 
23:08:30 **** Incremental Build of configuration Debug for project stm32f401re_uart_tx_it_dma ****
make -j20 all 
arm-none-eabi-gcc "../Core/Src/main.c" -mcpu=cortex-m4 -std=gnu11 -g3 -DDEBUG -DUSE_HAL_DRIVER -DSTM32F401xE -c -I../Core/Inc -I../Drivers/STM32F4xx_HAL_Driver/Inc -I../Drivers/STM32F4xx_HAL_Driver/Inc/Legacy -I../Drivers/CMSIS/Device/ST/STM32F4xx/Include -I../Drivers/CMSIS/Include -O0 -ffunction-sections -fdata-sections -Wall -fstack-usage -fcyclomatic-complexity -MMD -MP -MF"Core/Src/main.d" -MT"Core/Src/main.o" --specs=nano.specs -mfpu=fpv4-sp-d16 -mfloat-abi=hard -mthumb -o "Core/Src/main.o"
arm-none-eabi-gcc -o "stm32f401re_uart_tx_it_dma.elf" @"objects.list"   -mcpu=cortex-m4 -T"E:\Elconics\Youtube Video\stm32_scratch_2_advance\Stm32_scratch2_advance\stm32f401re_uart_tx_it_dma\STM32F401RETX_FLASH.ld" --specs=nosys.specs -Wl,-Map="stm32f401re_uart_tx_it_dma.map" -Wl,--gc-sections -static --specs=nano.specs -mfpu=fpv4-sp-d16 -mfloat-abi=hard -mthumb -Wl,--start-group -lc -lm -Wl,--end-group
Finished building target: stm32f401re_uart_tx_it_dma.elf
 
arm-none-eabi-size  stm32f401re_uart_tx_it_dma.elf 
arm-none-eabi-objdump -h -S stm32f401re_uart_tx_it_dma.elf  > "stm32f401re_uart_tx_it_dma.list"
   text	   data	    bss	    dec	    hex	filename
  13260	     16	   2760	  16036	   3ea4	stm32f401re_uart_tx_it_dma.elf
Finished building: default.size.stdout
 
Finished building: stm32f401re_uart_tx_it_dma.list
 
23:08:33 **** Incremental Build of configuration Debug for project stm32f401re_uart_tx_it_dma ****
make -j20 all 
arm-none-eabi-size  stm32f401re_uart_tx_it_dma.elf 
   text	   data	    bss	    dec	    hex	filename
  13260	     16	   2760	  16036	   3ea4	stm32f401re_uart_tx_it_dma.elf
Finished building: default.size.stdout
 
23:09:07 **** Incremental Build of configuration Debug for project stm32f401re_uart_tx_it_dma ****
make -j20 all 
arm-none-eabi-size  stm32f401re_uart_tx_it_dma.elf 
   text	   data	    bss	    dec	    hex	filename
  13260	     16	   2760	  16036	   3ea4	stm32f401re_uart_tx_it_dma.elf
Finished building: default.size.stdout
 
