../Core/Src/main.c:64:5:__io_putchar	16	static
../Core/Src/main.c:76:6:delay_us	16	static
../Core/Src/main.c:91:9:DS18B20_Start	32	static
../Core/Src/main.c:119:6:DS18B20_Write	40	static
../Core/Src/main.c:140:9:DS18B20_Read	40	static
../Core/Src/main.c:163:7:DS18B20_GetTemp	16	static
../Core/Src/main.c:196:5:main	16	static
../Core/Src/main.c:244:6:SystemClock_Config	88	static
../Core/Src/main.c:291:13:MX_TIM1_Init	32	static
../Core/Src/main.c:337:13:MX_USART2_UART_Init	8	static
../Core/Src/main.c:370:13:MX_GPIO_Init	48	static
../Core/Src/main.c:410:6:Error_Handler	4	static,ignoring_inline_asm
