12:14:22 **** Incremental Build of configuration Debug for project stm32f401re_rtc ****
make -j20 all 
arm-none-eabi-gcc "../Core/Src/main.c" -mcpu=cortex-m4 -std=gnu11 -g3 -DDEBUG -DUSE_HAL_DRIVER -DSTM32F401xE -c -I../Core/Inc -I../Drivers/STM32F4xx_HAL_Driver/Inc -I../Drivers/STM32F4xx_HAL_Driver/Inc/Legacy -I../Drivers/CMSIS/Device/ST/STM32F4xx/Include -I../Drivers/CMSIS/Include -O0 -ffunction-sections -fdata-sections -Wall -fstack-usage -fcyclomatic-complexity -MMD -MP -MF"Core/Src/main.d" -MT"Core/Src/main.o" --specs=nano.specs -mfpu=fpv4-sp-d16 -mfloat-abi=hard -mthumb -o "Core/Src/main.o"
../Core/Src/main.c: In function 'main':
../Core/Src/main.c:118:56: warning: implicit declaration of function 'strlen' [-Wimplicit-function-declaration]
  118 |           HAL_UART_Transmit(&huart2, (uint8_t*)buffer, strlen(buffer), HAL_MAX_DELAY);
      |                                                        ^~~~~~
../Core/Src/main.c:25:1: note: include '<string.h>' or provide a declaration of 'strlen'
   24 | #include <stdio.h>
  +++ |+#include <string.h>
   25 | /* USER CODE END Includes */
../Core/Src/main.c:118:56: warning: incompatible implicit declaration of built-in function 'strlen' [-Wbuiltin-declaration-mismatch]
  118 |           HAL_UART_Transmit(&huart2, (uint8_t*)buffer, strlen(buffer), HAL_MAX_DELAY);
      |                                                        ^~~~~~
../Core/Src/main.c:118:56: note: include '<string.h>' or provide a declaration of 'strlen'
arm-none-eabi-gcc -o "stm32f401re_rtc.elf" @"objects.list"   -mcpu=cortex-m4 -T"E:\Elconics\Youtube Video\stm32_scratch_2_advance\Stm32_scratch2_advance\stm32f401re_rtc\STM32F401RETX_FLASH.ld" --specs=nosys.specs -Wl,-Map="stm32f401re_rtc.map" -Wl,--gc-sections -static --specs=nano.specs -mfpu=fpv4-sp-d16 -mfloat-abi=hard -mthumb -Wl,--start-group -lc -lm -Wl,--end-group
Finished building target: stm32f401re_rtc.elf
 
arm-none-eabi-size  stm32f401re_rtc.elf 
arm-none-eabi-objdump -h -S stm32f401re_rtc.elf  > "stm32f401re_rtc.list"
   text	   data	    bss	    dec	    hex	filename
  13292	     92	   2108	  15492	   3c84	stm32f401re_rtc.elf
Finished building: default.size.stdout
 
Finished building: stm32f401re_rtc.list
 
12:14:25 **** Incremental Build of configuration Debug for project stm32f401re_rtc ****
make -j20 all 
arm-none-eabi-size  stm32f401re_rtc.elf 
   text	   data	    bss	    dec	    hex	filename
  13292	     92	   2108	  15492	   3c84	stm32f401re_rtc.elf
Finished building: default.size.stdout
 
12:15:15 **** Incremental Build of configuration Debug for project stm32f401re_rtc ****
make -j20 all 
arm-none-eabi-gcc "../Core/Src/main.c" -mcpu=cortex-m4 -std=gnu11 -g3 -DDEBUG -DUSE_HAL_DRIVER -DSTM32F401xE -c -I../Core/Inc -I../Drivers/STM32F4xx_HAL_Driver/Inc -I../Drivers/STM32F4xx_HAL_Driver/Inc/Legacy -I../Drivers/CMSIS/Device/ST/STM32F4xx/Include -I../Drivers/CMSIS/Include -O0 -ffunction-sections -fdata-sections -Wall -fstack-usage -fcyclomatic-complexity -MMD -MP -MF"Core/Src/main.d" -MT"Core/Src/main.o" --specs=nano.specs -mfpu=fpv4-sp-d16 -mfloat-abi=hard -mthumb -o "Core/Src/main.o"
../Core/Src/main.c: In function 'main':
../Core/Src/main.c:118:56: warning: implicit declaration of function 'strlen' [-Wimplicit-function-declaration]
  118 |           HAL_UART_Transmit(&huart2, (uint8_t*)buffer, strlen(buffer), HAL_MAX_DELAY);
      |                                                        ^~~~~~
../Core/Src/main.c:25:1: note: include '<string.h>' or provide a declaration of 'strlen'
   24 | #include <stdio.h>
  +++ |+#include <string.h>
   25 | /* USER CODE END Includes */
../Core/Src/main.c:118:56: warning: incompatible implicit declaration of built-in function 'strlen' [-Wbuiltin-declaration-mismatch]
  118 |           HAL_UART_Transmit(&huart2, (uint8_t*)buffer, strlen(buffer), HAL_MAX_DELAY);
      |                                                        ^~~~~~
../Core/Src/main.c:118:56: note: include '<string.h>' or provide a declaration of 'strlen'
arm-none-eabi-gcc -o "stm32f401re_rtc.elf" @"objects.list"   -mcpu=cortex-m4 -T"E:\Elconics\Youtube Video\stm32_scratch_2_advance\Stm32_scratch2_advance\stm32f401re_rtc\STM32F401RETX_FLASH.ld" --specs=nosys.specs -Wl,-Map="stm32f401re_rtc.map" -Wl,--gc-sections -static --specs=nano.specs -mfpu=fpv4-sp-d16 -mfloat-abi=hard -mthumb -Wl,--start-group -lc -lm -Wl,--end-group
Finished building target: stm32f401re_rtc.elf
 
arm-none-eabi-size  stm32f401re_rtc.elf 
arm-none-eabi-objdump -h -S stm32f401re_rtc.elf  > "stm32f401re_rtc.list"
   text	   data	    bss	    dec	    hex	filename
  13292	     92	   2108	  15492	   3c84	stm32f401re_rtc.elf
Finished building: default.size.stdout
 
Finished building: stm32f401re_rtc.list
 
